mysql> use studentt;
Database changed
mysql> create table employees(id int,name varchar
    -> desc studentt;
ERROR 1064 (42000): You have an error in your SQL syntax; check the manual that corresponds to your MySQL server version for the right syntax to use near 'desc studentt' at line 2
mysql> create table employees(id int,name varchar(100),email varchar(100));
Query OK, 0 rows affected (0.02 sec)

mysql> insert into employees values (1,'lakshi','luckybittu@gmail.com');
Query OK, 1 row affected (0.00 sec)

mysql> insert into employees values(2,'sai','saietdgws@gmail.com');
Query OK, 1 row affected (0.00 sec)

mysql> insert into employees values(3,'supriya','kondasupriya@gmail.com');
Query OK, 1 row affected (0.00 sec)

mysql> delimiter //
mysql> create procedure build_email_list(inout email_list varchar(4000))
    -> begin
    -> declare v_finished integer default 0;
    -> declare v_email varchar(100) default "";
    -> declare email_cursor cursor for select email from employees;
    -> declare continue handler for not found set v_finished=1;
    -> open email-cursor;
    -> get_email:loop
    -> fetch email_cursor into v_email;
    -> if v_finished =1 then
    -> leave get_email;
    -> end if;
    -> set email_list = concat(v_email,";",email_list);
    -> end loop get _email;
    -> close email_cursor;
    -> end //
